[2025-09-18 21:23:14] ==================================
[2025-09-18 21:23:14] TRITON CLIENT V2 JOB STARTING
[2025-09-18 21:23:14] ==================================
[2025-09-18 21:23:14] Job ID: 7622
[2025-09-18 21:23:14] Job Name: triton-client-v2
[2025-09-18 21:23:14] Node: gpu001
[2025-09-18 21:23:14] Working directory: /home/ing-bwrxrp/Unattended-Object-Detection
[2025-09-18 21:23:14] CPUs allocated: 2
[2025-09-18 21:23:14] GPUs allocated: N/A
[2025-09-18 21:23:14] Memory allocated: N/AMB
[2025-09-18 21:23:14] Time limit: N/A
[2025-09-18 21:23:14] User: ing-bwrxrp
[2025-09-18 21:23:14] System information:
[2025-09-18 21:23:14]   - CPU info: 2 cores available
[2025-09-18 21:23:14]   - Memory: 2.0Ti total
[2025-09-18 21:23:14]   - Disk space: 8.0E available
[2025-09-18 21:23:14] GPU information:
[2025-09-18 21:23:14]   - GPU: NVIDIA H100 80GB HBM3, 81559, 79474
[2025-09-18 21:23:14] Checking required files...
[2025-09-18 21:23:14]   ✓ Video file found: /home/ing-bwrxrp/Unattended-Object-Detection/input_ppt_final_demo.mp4 (6.0M)
[2025-09-18 21:23:14]   ✓ Triton client script found
[2025-09-18 21:23:14]   ✓ Model3 script found
[2025-09-18 21:23:14] Python environment check...
[2025-09-18 21:23:14]   ✓ UV package manager found: uv 0.8.14
[2025-09-18 21:23:14] ==================================
[2025-09-18 21:23:14] DETECTING TRITON SERVER
[2025-09-18 21:23:14] ==================================
[2025-09-18 21:23:14] ✓ Detected Triton server on node: gpu001
[2025-09-18 21:23:14] ==================================
[2025-09-18 21:23:14] WAITING FOR TRITON SERVER
[2025-09-18 21:23:14] ==================================
[2025-09-18 21:23:14] Checking Triton server availability at gpu001:8000...
Waiting for Triton server on node: gpu001
✓ Triton server is ready on gpu001
[2025-09-18 21:23:14] Performing additional health checks...
[2025-09-18 21:23:14]   ✓ Server live check: OK
[2025-09-18 21:23:15]   ✓ Server metadata accessible
[2025-09-18 21:23:15] ==================================
[2025-09-18 21:23:15] MODEL STATUS CHECK
[2025-09-18 21:23:15] ==================================
[2025-09-18 21:23:15] Checking model 'rtdetr_tensorrt' status...
[2025-09-18 21:23:15] Model status response received:
{
  "detail": "Not Found"
}
[2025-09-18 21:23:15] ⚠ WARNING: Model 'rtdetr_tensorrt' may not be ready
[2025-09-18 21:23:15] Retrieving model metadata...
[2025-09-18 21:23:15] Model configuration:
{
  "detail": "Not Found"
}
[2025-09-18 21:23:15] ==================================
[2025-09-18 21:23:15] STARTING VIDEO INFERENCE
[2025-09-18 21:23:15] ==================================
[2025-09-18 21:23:15] Running inference on /home/ing-bwrxrp/Unattended-Object-Detection/input_ppt_final_demo.mp4 with confidence threshold 0.5...
[2025-09-18 21:23:15] Inference parameters:
[2025-09-18 21:23:15]   - Input video: /home/ing-bwrxrp/Unattended-Object-Detection/input_ppt_final_demo.mp4
[2025-09-18 21:23:15]   - Model name: rtdetr_tensorrt
[2025-09-18 21:23:15]   - Server URL: gpu001:8000
[2025-09-18 21:23:15]   - Output video: /home/ing-bwrxrp/Unattended-Object-Detection/outputs/input_ppt_final_demo_inference_20250918_212311.mp4
[2025-09-18 21:23:15]   - Confidence threshold: 0.5
[2025-09-18 21:23:15] Inference started at: Thu Sep 18 09:23:15 PM CEST 2025
[2025-09-18 21:23:15] Executing triton_client.py...
Connected to Triton server at gpu001:8000
Error: Model 'rtdetr_tensorrt' is not available: [404] an exception occurred in the client while decoding the response: 'error'
[2025-09-18 21:23:16] ✗ ERROR: Inference failed
