[2025-09-18 21:27:24] ==================================
[2025-09-18 21:27:24] TRITON CLIENT V2 JOB STARTING
[2025-09-18 21:27:24] ==================================
[2025-09-18 21:27:24] Job ID: 7623
[2025-09-18 21:27:24] Job Name: triton-client-v2
[2025-09-18 21:27:24] Node: gpu001
[2025-09-18 21:27:24] Working directory: /home/ing-bwrxrp/Unattended-Object-Detection
[2025-09-18 21:27:24] CPUs allocated: 2
[2025-09-18 21:27:24] GPUs allocated: N/A
[2025-09-18 21:27:24] Memory allocated: N/AMB
[2025-09-18 21:27:24] Time limit: N/A
[2025-09-18 21:27:24] User: ing-bwrxrp
[2025-09-18 21:27:24] System information:
[2025-09-18 21:27:24]   - CPU info: 2 cores available
[2025-09-18 21:27:24]   - Memory: 2.0Ti total
[2025-09-18 21:27:24]   - Disk space: 8.0E available
[2025-09-18 21:27:24] GPU information:
[2025-09-18 21:27:24]   - GPU: NVIDIA H100 80GB HBM3, 81559, 79474
[2025-09-18 21:27:24] Checking required files...
[2025-09-18 21:27:24]   ✓ Video file found: /home/ing-bwrxrp/Unattended-Object-Detection/ABODA/video1.avi (6.0M)
[2025-09-18 21:27:24]   ✓ Triton client script found
[2025-09-18 21:27:24]   ✓ Model3 script found
[2025-09-18 21:27:24] Python environment check...
[2025-09-18 21:27:24]   ✓ UV package manager found: uv 0.8.14
[2025-09-18 21:27:24] ==================================
[2025-09-18 21:27:24] DETECTING TRITON SERVER
[2025-09-18 21:27:24] ==================================
[2025-09-18 21:27:24] ✓ Detected Triton server on node: gpu001
[2025-09-18 21:27:24] ==================================
[2025-09-18 21:27:24] WAITING FOR TRITON SERVER
[2025-09-18 21:27:24] ==================================
[2025-09-18 21:27:24] Checking Triton server availability at gpu001:8000...
Waiting for Triton server on node: gpu001
✓ Triton server is ready on gpu001
[2025-09-18 21:27:24] Performing additional health checks...
[2025-09-18 21:27:24]   ✓ Server live check: OK
[2025-09-18 21:27:25]   ✓ Server metadata accessible
[2025-09-18 21:27:25] ==================================
[2025-09-18 21:27:25] MODEL STATUS CHECK
[2025-09-18 21:27:25] ==================================
[2025-09-18 21:27:25] Checking model 'rtdetr_tensorrt' status...
[2025-09-18 21:27:25] Model status response received:
{
  "detail": "Not Found"
}
[2025-09-18 21:27:25] ⚠ WARNING: Model 'rtdetr_tensorrt' may not be ready
[2025-09-18 21:27:25] Retrieving model metadata...
[2025-09-18 21:27:25] Model configuration:
{
  "detail": "Not Found"
}
[2025-09-18 21:27:25] ==================================
[2025-09-18 21:27:25] STARTING VIDEO INFERENCE
[2025-09-18 21:27:25] ==================================
[2025-09-18 21:27:25] Running inference on /home/ing-bwrxrp/Unattended-Object-Detection/ABODA/video1.avi with confidence threshold 0.5...
[2025-09-18 21:27:25] Inference parameters:
[2025-09-18 21:27:25]   - Input video: /home/ing-bwrxrp/Unattended-Object-Detection/ABODA/video1.avi
[2025-09-18 21:27:25]   - Model name: rtdetr_tensorrt
[2025-09-18 21:27:25]   - Server URL: gpu001:8000
[2025-09-18 21:27:25]   - Output video: /home/ing-bwrxrp/Unattended-Object-Detection/outputs/video1_inference_20250918_212721.mp4
[2025-09-18 21:27:25]   - Confidence threshold: 0.5
[2025-09-18 21:27:25] Inference started at: Thu Sep 18 09:27:25 PM CEST 2025
[2025-09-18 21:27:25] Executing triton_client.py...
Connected to Triton server at gpu001:8000
Error listing models: [404] an exception occurred in the client while decoding the response: 'error'
Error: Model 'rtdetr_tensorrt' is not available: [404] an exception occurred in the client while decoding the response: 'error'
[2025-09-18 21:27:25] ✗ ERROR: Inference failed
