[2025-09-18 21:31:45] ==================================
[2025-09-18 21:31:45] TRITON CLIENT V2 JOB STARTING
[2025-09-18 21:31:45] ==================================
[2025-09-18 21:31:45] Job ID: 7624
[2025-09-18 21:31:45] Job Name: triton-client-v2
[2025-09-18 21:31:45] Node: gpu001
[2025-09-18 21:31:45] Working directory: /home/ing-bwrxrp/Unattended-Object-Detection
[2025-09-18 21:31:45] CPUs allocated: 2
[2025-09-18 21:31:45] GPUs allocated: N/A
[2025-09-18 21:31:45] Memory allocated: N/AMB
[2025-09-18 21:31:45] Time limit: N/A
[2025-09-18 21:31:45] User: ing-bwrxrp
[2025-09-18 21:31:45] System information:
[2025-09-18 21:31:45]   - CPU info: 2 cores available
[2025-09-18 21:31:45]   - Memory: 2.0Ti total
[2025-09-18 21:31:45]   - Disk space: 8.0E available
[2025-09-18 21:31:45] GPU information:
[2025-09-18 21:31:45]   - GPU: NVIDIA H100 80GB HBM3, 81559, 79474
[2025-09-18 21:31:45] Checking required files...
[2025-09-18 21:31:45]   ✓ Video file found: /home/ing-bwrxrp/Unattended-Object-Detection/ABODA/video1.avi (6.0M)
[2025-09-18 21:31:45]   ✓ Triton client script found
[2025-09-18 21:31:45]   ✓ Model3 script found
[2025-09-18 21:31:45] Python environment check...
[2025-09-18 21:31:45]   ✓ UV package manager found: uv 0.8.14
[2025-09-18 21:31:45] ==================================
[2025-09-18 21:31:45] DETECTING TRITON SERVER
[2025-09-18 21:31:45] ==================================
[2025-09-18 21:31:45] ✓ Detected Triton server on node: gpu001
[2025-09-18 21:31:45] ==================================
[2025-09-18 21:31:45] WAITING FOR TRITON SERVER
[2025-09-18 21:31:45] ==================================
[2025-09-18 21:31:45] Checking Triton server availability at gpu001:8000...
Waiting for Triton server on node: gpu001
✓ Triton server is ready on gpu001
[2025-09-18 21:31:46] Performing additional health checks...
[2025-09-18 21:31:46]   ✓ Server live check: OK
[2025-09-18 21:31:46]   ✓ Server metadata accessible
[2025-09-18 21:31:46] Server metadata:
{
  "detail": "Not Found"
}
[2025-09-18 21:31:46] Listing models on Triton server...
[2025-09-18 21:31:46] Models available on the server:
{
  "detail": "Not Found"
}
[2025-09-18 21:31:46] ==================================
[2025-09-18 21:31:46] MODEL STATUS CHECK
[2025-09-18 21:31:46] ==================================
[2025-09-18 21:31:46] Checking model 'rtdetr_tensorrt' status...
[2025-09-18 21:31:46] Model status response received:
{
  "detail": "Not Found"
}
[2025-09-18 21:31:46] ⚠ WARNING: Model 'rtdetr_tensorrt' may not be ready
[2025-09-18 21:31:46] Retrieving model metadata...
[2025-09-18 21:31:46] Model configuration:
{
  "detail": "Not Found"
}
[2025-09-18 21:31:46] ==================================
[2025-09-18 21:31:46] STARTING VIDEO INFERENCE
[2025-09-18 21:31:46] ==================================
[2025-09-18 21:31:46] Running inference on /home/ing-bwrxrp/Unattended-Object-Detection/ABODA/video1.avi with confidence threshold 0.5...
[2025-09-18 21:31:46] Inference parameters:
[2025-09-18 21:31:46]   - Input video: /home/ing-bwrxrp/Unattended-Object-Detection/ABODA/video1.avi
[2025-09-18 21:31:46]   - Model name: rtdetr_tensorrt
[2025-09-18 21:31:46]   - Server URL: gpu001:8000
[2025-09-18 21:31:46]   - Output video: /home/ing-bwrxrp/Unattended-Object-Detection/outputs/video1_inference_20250918_213143.mp4
[2025-09-18 21:31:46]   - Confidence threshold: 0.5
[2025-09-18 21:31:46] Inference started at: Thu Sep 18 09:31:46 PM CEST 2025
[2025-09-18 21:31:46] Executing triton_client.py...
Connected to Triton server at gpu001:8000
Error listing models: HTTP Error 404: Not Found
Error: Model 'rtdetr_tensorrt' is not available: [404] an exception occurred in the client while decoding the response: 'error'
[2025-09-18 21:31:47] ✗ ERROR: Inference failed
