[2025-09-18 21:34:29] ==================================
[2025-09-18 21:34:29] TRITON CLIENT V2 JOB STARTING
[2025-09-18 21:34:29] ==================================
[2025-09-18 21:34:29] Job ID: 7625
[2025-09-18 21:34:29] Job Name: triton-client-v2
[2025-09-18 21:34:29] Node: gpu001
[2025-09-18 21:34:29] Working directory: /home/ing-bwrxrp/Unattended-Object-Detection
[2025-09-18 21:34:29] CPUs allocated: 2
[2025-09-18 21:34:29] GPUs allocated: N/A
[2025-09-18 21:34:29] Memory allocated: N/AMB
[2025-09-18 21:34:29] Time limit: N/A
[2025-09-18 21:34:29] User: ing-bwrxrp
[2025-09-18 21:34:29] System information:
[2025-09-18 21:34:29]   - CPU info: 2 cores available
[2025-09-18 21:34:29]   - Memory: 2.0Ti total
[2025-09-18 21:34:29]   - Disk space: 8.0E available
[2025-09-18 21:34:29] GPU information:
[2025-09-18 21:34:29]   - GPU: NVIDIA H100 80GB HBM3, 81559, 79474
[2025-09-18 21:34:29] Checking required files...
[2025-09-18 21:34:29]   ✓ Video file found: /home/ing-bwrxrp/Unattended-Object-Detection/input_ppt_final_demo.mp4 (6.0M)
[2025-09-18 21:34:29]   ✓ Triton client script found
[2025-09-18 21:34:29]   ✓ Model3 script found
[2025-09-18 21:34:29] Python environment check...
[2025-09-18 21:34:29]   ✓ UV package manager found: uv 0.8.14
[2025-09-18 21:34:29] ==================================
[2025-09-18 21:34:29] DETECTING TRITON SERVER
[2025-09-18 21:34:29] ==================================
[2025-09-18 21:34:29] ✓ Detected Triton server on node: gpu001
[2025-09-18 21:34:29] ==================================
[2025-09-18 21:34:29] WAITING FOR TRITON SERVER
[2025-09-18 21:34:29] ==================================
[2025-09-18 21:34:29] Checking Triton server availability at gpu001:8000...
Waiting for Triton server on node: gpu001
✓ Triton server is ready on gpu001
[2025-09-18 21:34:29] Performing additional health checks...
[2025-09-18 21:34:29]   ✓ Server live check: OK
[2025-09-18 21:34:29]   ✓ Server metadata accessible
[2025-09-18 21:34:29] Server metadata:
{
  "detail": "Not Found"
}
[2025-09-18 21:34:29] Listing models on Triton server...
[2025-09-18 21:34:29] Models available on the server:
{
  "detail": "Not Found"
}
[2025-09-18 21:34:29] ==================================
[2025-09-18 21:34:29] MODEL STATUS CHECK
[2025-09-18 21:34:29] ==================================
[2025-09-18 21:34:29] Checking model 'rtdetr_tensorrt' status...
[2025-09-18 21:34:29] Model status response received:
{
  "detail": "Not Found"
}
[2025-09-18 21:34:29] ⚠ WARNING: Model 'rtdetr_tensorrt' may not be ready
[2025-09-18 21:34:29] Retrieving model metadata...
[2025-09-18 21:34:29] Model configuration:
{
  "detail": "Not Found"
}
[2025-09-18 21:34:29] ==================================
[2025-09-18 21:34:29] STARTING VIDEO INFERENCE
[2025-09-18 21:34:29] ==================================
[2025-09-18 21:34:29] Running inference on /home/ing-bwrxrp/Unattended-Object-Detection/input_ppt_final_demo.mp4 with confidence threshold 0.5...
[2025-09-18 21:34:29] Inference parameters:
[2025-09-18 21:34:29]   - Input video: /home/ing-bwrxrp/Unattended-Object-Detection/input_ppt_final_demo.mp4
[2025-09-18 21:34:29]   - Model name: rtdetr_tensorrt
[2025-09-18 21:34:29]   - Server URL: gpu001:8000
[2025-09-18 21:34:29]   - Output video: /home/ing-bwrxrp/Unattended-Object-Detection/outputs/input_ppt_final_demo_inference_20250918_213427.mp4
[2025-09-18 21:34:29]   - Confidence threshold: 0.5
[2025-09-18 21:34:29] Inference started at: Thu Sep 18 09:34:29 PM CEST 2025
[2025-09-18 21:34:29] Executing triton_client.py...
Connected to Triton server at gpu001:8000
Error listing models: HTTP Error 404: Not Found
Error: Model 'rtdetr_tensorrt' is not available: [404] an exception occurred in the client while decoding the response: 'error'
[2025-09-18 21:34:30] ✗ ERROR: Inference failed
