[1;33m1.[0m [1;37mvideo10.avi[0m [0;34m(ABODA/video10.avi, 20838KB)[0m
[1;33m2.[0m [1;37mvideo11.avi[0m [0;34m(ABODA/video11.avi, 34717KB)[0m
[1;33m3.[0m [1;37mvideo1.avi[0m [0;34m(ABODA/video1.avi, 4337KB)[0m
[1;33m4.[0m [1;37mvideo2.avi[0m [0;34m(ABODA/video2.avi, 5670KB)[0m
[1;33m5.[0m [1;37mvideo3.avi[0m [0;34m(ABODA/video3.avi, 4304KB)[0m
[1;33m6.[0m [1;37mvideo4.avi[0m [0;34m(ABODA/video4.avi, 1880KB)[0m
[1;33m7.[0m [1;37mvideo5.avi[0m [0;34m(ABODA/video5.avi, 30566KB)[0m
[1;33m8.[0m [1;37mvideo6.avi[0m [0;34m(ABODA/video6.avi, 49398KB)[0m
[1;33m9.[0m [1;37mvideo7.avi[0m [0;34m(ABODA/video7.avi, 44723KB)[0m
[1;33m10.[0m [1;37mvideo8.avi[0m [0;34m(ABODA/video8.avi, 44730KB)[0m
[1;33m11.[0m [1;37mvideo9.avi[0m [0;34m(ABODA/video9.avi, 22825KB)[0m
[1;33m12.[0m [1;37minput_file_ppt.mp4[0m [0;34m(input_file_ppt.mp4, 22038KB)[0m
[1;33m13.[0m [1;37minput_ppt_final_demo.mp4[0m [0;34m(input_ppt_final_demo.mp4, 4241KB)[0m
Using provided Triton server URL: gpu001:8000
Processing video: /home/ing-bwrxrp/Unattended-Object-Detection/ABODA/video1.avi
Output will be saved to: /home/ing-bwrxrp/Unattended-Object-Detection/outputs/video1_inference_20250918_211003.mp4
Connecting to Triton server at: gpu001:8000
✗ Failed to connect to Triton server at gpu001:8000: Triton server at gpu001:8000 is not ready
Make sure the Triton server is running and accessible.
⚠️ No frames processed, output video may be empty or invalid
✗ Error during video processing: Triton server at gpu001:8000 is not ready
Using provided Triton server URL: gpu001:8000
Processing video: /home/ing-bwrxrp/Unattended-Object-Detection/ABODA/video1.avi
Output will be saved to: /home/ing-bwrxrp/Unattended-Object-Detection/outputs/video1_inference_20250918_211003.mp4
Connecting to Triton server at: gpu001:8000
✗ Failed to connect to Triton server at gpu001:8000: Triton server at gpu001:8000 is not ready
Make sure the Triton server is running and accessible.
⚠️ No frames processed, output video may be empty or invalid
✗ Error during video processing: Triton server at gpu001:8000 is not ready
Using provided Triton server URL: gpu001:8000
Processing video: /home/ing-bwrxrp/Unattended-Object-Detection/ABODA/video1.avi
Output will be saved to: /home/ing-bwrxrp/Unattended-Object-Detection/outputs/video1_inference_20250918_211003.mp4
Connecting to Triton server at: gpu001:8000
✗ Failed to connect to Triton server at gpu001:8000: Triton server at gpu001:8000 is not ready
Make sure the Triton server is running and accessible.
⚠️ No frames processed, output video may be empty or invalid
✗ Error during video processing: Triton server at gpu001:8000 is not ready
